  Determining projects to restore...
  All projects are up-to-date for restore.
C:\Program Files\dotnet\sdk\10.0.101\Microsoft.Common.CurrentVersion.targets(5381,5): warning MSB3026: Could not copy "C:\console app\MauiApp1\obj\Debug\net9.0-windows10.0.19041.0\win10-x64\apphost.exe" to "bin\Debug\net9.0-windows10.0.19041.0\win10-x64\MauiApp1.exe". Beginning retry 1 in 1000ms. The process cannot access the file 'C:\console app\MauiApp1\bin\Debug\net9.0-windows10.0.19041.0\win10-x64\MauiApp1.exe' because it is being used by another process. The file is locked by: "MauiApp1 (3004), MauiApp1 (20632)" [C:\console app\MauiApp1\MauiApp1.csproj::TargetFramework=net9.0-windows10.0.19041.0]
C:\Program Files\dotnet\sdk\10.0.101\Microsoft.Common.CurrentVersion.targets(5381,5): warning MSB3026: Could not copy "C:\console app\MauiApp1\obj\Debug\net9.0-windows10.0.19041.0\win10-x64\apphost.exe" to "bin\Debug\net9.0-windows10.0.19041.0\win10-x64\MauiApp1.exe". Beginning retry 2 in 1000ms. The process cannot access the file 'C:\console app\MauiApp1\bin\Debug\net9.0-windows10.0.19041.0\win10-x64\MauiApp1.exe' because it is being used by another process. The file is locked by: "MauiApp1 (3004), MauiApp1 (20632)" [C:\console app\MauiApp1\MauiApp1.csproj::TargetFramework=net9.0-windows10.0.19041.0]
C:\Program Files\dotnet\sdk\10.0.101\Microsoft.Common.CurrentVersion.targets(5381,5): warning MSB3026: Could not copy "C:\console app\MauiApp1\obj\Debug\net9.0-windows10.0.19041.0\win10-x64\apphost.exe" to "bin\Debug\net9.0-windows10.0.19041.0\win10-x64\MauiApp1.exe". Beginning retry 3 in 1000ms. The process cannot access the file 'C:\console app\MauiApp1\bin\Debug\net9.0-windows10.0.19041.0\win10-x64\MauiApp1.exe' because it is being used by another process. The file is locked by: "MauiApp1 (3004), MauiApp1 (20632)" [C:\console app\MauiApp1\MauiApp1.csproj::TargetFramework=net9.0-windows10.0.19041.0]
C:\Program Files\dotnet\sdk\10.0.101\Microsoft.Common.CurrentVersion.targets(5381,5): warning MSB3026: Could not copy "C:\console app\MauiApp1\obj\Debug\net9.0-windows10.0.19041.0\win10-x64\apphost.exe" to "bin\Debug\net9.0-windows10.0.19041.0\win10-x64\MauiApp1.exe". Beginning retry 4 in 1000ms. The process cannot access the file 'C:\console app\MauiApp1\bin\Debug\net9.0-windows10.0.19041.0\win10-x64\MauiApp1.exe' because it is being used by another process. The file is locked by: "MauiApp1 (3004), MauiApp1 (20632)" [C:\console app\MauiApp1\MauiApp1.csproj::TargetFramework=net9.0-windows10.0.19041.0]
C:\Program Files\dotnet\sdk\10.0.101\Microsoft.Common.CurrentVersion.targets(5381,5): warning MSB3026: Could not copy "C:\console app\MauiApp1\obj\Debug\net9.0-windows10.0.19041.0\win10-x64\apphost.exe" to "bin\Debug\net9.0-windows10.0.19041.0\win10-x64\MauiApp1.exe". Beginning retry 5 in 1000ms. The process cannot access the file 'C:\console app\MauiApp1\bin\Debug\net9.0-windows10.0.19041.0\win10-x64\MauiApp1.exe' because it is being used by another process. The file is locked by: "MauiApp1 (3004), MauiApp1 (20632)" [C:\console app\MauiApp1\MauiApp1.csproj::TargetFramework=net9.0-windows10.0.19041.0]
C:\Program Files\dotnet\sdk\10.0.101\Microsoft.Common.CurrentVersion.targets(5381,5): warning MSB3026: Could not copy "C:\console app\MauiApp1\obj\Debug\net9.0-windows10.0.19041.0\win10-x64\apphost.exe" to "bin\Debug\net9.0-windows10.0.19041.0\win10-x64\MauiApp1.exe". Beginning retry 6 in 1000ms. The process cannot access the file 'C:\console app\MauiApp1\bin\Debug\net9.0-windows10.0.19041.0\win10-x64\MauiApp1.exe' because it is being used by another process. The file is locked by: "MauiApp1 (3004), MauiApp1 (20632)" [C:\console app\MauiApp1\MauiApp1.csproj::TargetFramework=net9.0-windows10.0.19041.0]
C:\Program Files\dotnet\sdk\10.0.101\Microsoft.Common.CurrentVersion.targets(5381,5): warning MSB3026: Could not copy "C:\console app\MauiApp1\obj\Debug\net9.0-windows10.0.19041.0\win10-x64\apphost.exe" to "bin\Debug\net9.0-windows10.0.19041.0\win10-x64\MauiApp1.exe". Beginning retry 7 in 1000ms. The process cannot access the file 'C:\console app\MauiApp1\bin\Debug\net9.0-windows10.0.19041.0\win10-x64\MauiApp1.exe' because it is being used by another process. The file is locked by: "MauiApp1 (3004), MauiApp1 (20632)" [C:\console app\MauiApp1\MauiApp1.csproj::TargetFramework=net9.0-windows10.0.19041.0]
C:\Program Files\dotnet\sdk\10.0.101\Microsoft.Common.CurrentVersion.targets(5381,5): warning MSB3026: Could not copy "C:\console app\MauiApp1\obj\Debug\net9.0-windows10.0.19041.0\win10-x64\apphost.exe" to "bin\Debug\net9.0-windows10.0.19041.0\win10-x64\MauiApp1.exe". Beginning retry 8 in 1000ms. The process cannot access the file 'C:\console app\MauiApp1\bin\Debug\net9.0-windows10.0.19041.0\win10-x64\MauiApp1.exe' because it is being used by another process. The file is locked by: "MauiApp1 (3004), MauiApp1 (20632)" [C:\console app\MauiApp1\MauiApp1.csproj::TargetFramework=net9.0-windows10.0.19041.0]
C:\Program Files\dotnet\sdk\10.0.101\Microsoft.Common.CurrentVersion.targets(5381,5): warning MSB3026: Could not copy "C:\console app\MauiApp1\obj\Debug\net9.0-windows10.0.19041.0\win10-x64\apphost.exe" to "bin\Debug\net9.0-windows10.0.19041.0\win10-x64\MauiApp1.exe". Beginning retry 9 in 1000ms. The process cannot access the file 'C:\console app\MauiApp1\bin\Debug\net9.0-windows10.0.19041.0\win10-x64\MauiApp1.exe' because it is being used by another process. The file is locked by: "MauiApp1 (3004), MauiApp1 (20632)" [C:\console app\MauiApp1\MauiApp1.csproj::TargetFramework=net9.0-windows10.0.19041.0]
C:\Program Files\dotnet\sdk\10.0.101\Microsoft.Common.CurrentVersion.targets(5381,5): warning MSB3026: Could not copy "C:\console app\MauiApp1\obj\Debug\net9.0-windows10.0.19041.0\win10-x64\apphost.exe" to "bin\Debug\net9.0-windows10.0.19041.0\win10-x64\MauiApp1.exe". Beginning retry 10 in 1000ms. The process cannot access the file 'C:\console app\MauiApp1\bin\Debug\net9.0-windows10.0.19041.0\win10-x64\MauiApp1.exe' because it is being used by another process. The file is locked by: "MauiApp1 (3004), MauiApp1 (20632)" [C:\console app\MauiApp1\MauiApp1.csproj::TargetFramework=net9.0-windows10.0.19041.0]
C:\Program Files\dotnet\sdk\10.0.101\Microsoft.Common.CurrentVersion.targets(5381,5): error MSB3027: Could not copy "C:\console app\MauiApp1\obj\Debug\net9.0-windows10.0.19041.0\win10-x64\apphost.exe" to "bin\Debug\net9.0-windows10.0.19041.0\win10-x64\MauiApp1.exe". Exceeded retry count of 10. Failed. The file is locked by: "MauiApp1 (3004), MauiApp1 (20632)" [C:\console app\MauiApp1\MauiApp1.csproj::TargetFramework=net9.0-windows10.0.19041.0]
C:\Program Files\dotnet\sdk\10.0.101\Microsoft.Common.CurrentVersion.targets(5381,5): error MSB3021: Unable to copy file "C:\console app\MauiApp1\obj\Debug\net9.0-windows10.0.19041.0\win10-x64\apphost.exe" to "bin\Debug\net9.0-windows10.0.19041.0\win10-x64\MauiApp1.exe". The process cannot access the file 'C:\console app\MauiApp1\bin\Debug\net9.0-windows10.0.19041.0\win10-x64\MauiApp1.exe' because it is being used by another process. [C:\console app\MauiApp1\MauiApp1.csproj::TargetFramework=net9.0-windows10.0.19041.0]

Build FAILED.

C:\Program Files\dotnet\sdk\10.0.101\Microsoft.Common.CurrentVersion.targets(5381,5): warning MSB3026: Could not copy "C:\console app\MauiApp1\obj\Debug\net9.0-windows10.0.19041.0\win10-x64\apphost.exe" to "bin\Debug\net9.0-windows10.0.19041.0\win10-x64\MauiApp1.exe". Beginning retry 1 in 1000ms. The process cannot access the file 'C:\console app\MauiApp1\bin\Debug\net9.0-windows10.0.19041.0\win10-x64\MauiApp1.exe' because it is being used by another process. The file is locked by: "MauiApp1 (3004), MauiApp1 (20632)" [C:\console app\MauiApp1\MauiApp1.csproj::TargetFramework=net9.0-windows10.0.19041.0]
C:\Program Files\dotnet\sdk\10.0.101\Microsoft.Common.CurrentVersion.targets(5381,5): warning MSB3026: Could not copy "C:\console app\MauiApp1\obj\Debug\net9.0-windows10.0.19041.0\win10-x64\apphost.exe" to "bin\Debug\net9.0-windows10.0.19041.0\win10-x64\MauiApp1.exe". Beginning retry 2 in 1000ms. The process cannot access the file 'C:\console app\MauiApp1\bin\Debug\net9.0-windows10.0.19041.0\win10-x64\MauiApp1.exe' because it is being used by another process. The file is locked by: "MauiApp1 (3004), MauiApp1 (20632)" [C:\console app\MauiApp1\MauiApp1.csproj::TargetFramework=net9.0-windows10.0.19041.0]
C:\Program Files\dotnet\sdk\10.0.101\Microsoft.Common.CurrentVersion.targets(5381,5): warning MSB3026: Could not copy "C:\console app\MauiApp1\obj\Debug\net9.0-windows10.0.19041.0\win10-x64\apphost.exe" to "bin\Debug\net9.0-windows10.0.19041.0\win10-x64\MauiApp1.exe". Beginning retry 3 in 1000ms. The process cannot access the file 'C:\console app\MauiApp1\bin\Debug\net9.0-windows10.0.19041.0\win10-x64\MauiApp1.exe' because it is being used by another process. The file is locked by: "MauiApp1 (3004), MauiApp1 (20632)" [C:\console app\MauiApp1\MauiApp1.csproj::TargetFramework=net9.0-windows10.0.19041.0]
C:\Program Files\dotnet\sdk\10.0.101\Microsoft.Common.CurrentVersion.targets(5381,5): warning MSB3026: Could not copy "C:\console app\MauiApp1\obj\Debug\net9.0-windows10.0.19041.0\win10-x64\apphost.exe" to "bin\Debug\net9.0-windows10.0.19041.0\win10-x64\MauiApp1.exe". Beginning retry 4 in 1000ms. The process cannot access the file 'C:\console app\MauiApp1\bin\Debug\net9.0-windows10.0.19041.0\win10-x64\MauiApp1.exe' because it is being used by another process. The file is locked by: "MauiApp1 (3004), MauiApp1 (20632)" [C:\console app\MauiApp1\MauiApp1.csproj::TargetFramework=net9.0-windows10.0.19041.0]
C:\Program Files\dotnet\sdk\10.0.101\Microsoft.Common.CurrentVersion.targets(5381,5): warning MSB3026: Could not copy "C:\console app\MauiApp1\obj\Debug\net9.0-windows10.0.19041.0\win10-x64\apphost.exe" to "bin\Debug\net9.0-windows10.0.19041.0\win10-x64\MauiApp1.exe". Beginning retry 5 in 1000ms. The process cannot access the file 'C:\console app\MauiApp1\bin\Debug\net9.0-windows10.0.19041.0\win10-x64\MauiApp1.exe' because it is being used by another process. The file is locked by: "MauiApp1 (3004), MauiApp1 (20632)" [C:\console app\MauiApp1\MauiApp1.csproj::TargetFramework=net9.0-windows10.0.19041.0]
C:\Program Files\dotnet\sdk\10.0.101\Microsoft.Common.CurrentVersion.targets(5381,5): warning MSB3026: Could not copy "C:\console app\MauiApp1\obj\Debug\net9.0-windows10.0.19041.0\win10-x64\apphost.exe" to "bin\Debug\net9.0-windows10.0.19041.0\win10-x64\MauiApp1.exe". Beginning retry 6 in 1000ms. The process cannot access the file 'C:\console app\MauiApp1\bin\Debug\net9.0-windows10.0.19041.0\win10-x64\MauiApp1.exe' because it is being used by another process. The file is locked by: "MauiApp1 (3004), MauiApp1 (20632)" [C:\console app\MauiApp1\MauiApp1.csproj::TargetFramework=net9.0-windows10.0.19041.0]
C:\Program Files\dotnet\sdk\10.0.101\Microsoft.Common.CurrentVersion.targets(5381,5): warning MSB3026: Could not copy "C:\console app\MauiApp1\obj\Debug\net9.0-windows10.0.19041.0\win10-x64\apphost.exe" to "bin\Debug\net9.0-windows10.0.19041.0\win10-x64\MauiApp1.exe". Beginning retry 7 in 1000ms. The process cannot access the file 'C:\console app\MauiApp1\bin\Debug\net9.0-windows10.0.19041.0\win10-x64\MauiApp1.exe' because it is being used by another process. The file is locked by: "MauiApp1 (3004), MauiApp1 (20632)" [C:\console app\MauiApp1\MauiApp1.csproj::TargetFramework=net9.0-windows10.0.19041.0]
C:\Program Files\dotnet\sdk\10.0.101\Microsoft.Common.CurrentVersion.targets(5381,5): warning MSB3026: Could not copy "C:\console app\MauiApp1\obj\Debug\net9.0-windows10.0.19041.0\win10-x64\apphost.exe" to "bin\Debug\net9.0-windows10.0.19041.0\win10-x64\MauiApp1.exe". Beginning retry 8 in 1000ms. The process cannot access the file 'C:\console app\MauiApp1\bin\Debug\net9.0-windows10.0.19041.0\win10-x64\MauiApp1.exe' because it is being used by another process. The file is locked by: "MauiApp1 (3004), MauiApp1 (20632)" [C:\console app\MauiApp1\MauiApp1.csproj::TargetFramework=net9.0-windows10.0.19041.0]
C:\Program Files\dotnet\sdk\10.0.101\Microsoft.Common.CurrentVersion.targets(5381,5): warning MSB3026: Could not copy "C:\console app\MauiApp1\obj\Debug\net9.0-windows10.0.19041.0\win10-x64\apphost.exe" to "bin\Debug\net9.0-windows10.0.19041.0\win10-x64\MauiApp1.exe". Beginning retry 9 in 1000ms. The process cannot access the file 'C:\console app\MauiApp1\bin\Debug\net9.0-windows10.0.19041.0\win10-x64\MauiApp1.exe' because it is being used by another process. The file is locked by: "MauiApp1 (3004), MauiApp1 (20632)" [C:\console app\MauiApp1\MauiApp1.csproj::TargetFramework=net9.0-windows10.0.19041.0]
C:\Program Files\dotnet\sdk\10.0.101\Microsoft.Common.CurrentVersion.targets(5381,5): warning MSB3026: Could not copy "C:\console app\MauiApp1\obj\Debug\net9.0-windows10.0.19041.0\win10-x64\apphost.exe" to "bin\Debug\net9.0-windows10.0.19041.0\win10-x64\MauiApp1.exe". Beginning retry 10 in 1000ms. The process cannot access the file 'C:\console app\MauiApp1\bin\Debug\net9.0-windows10.0.19041.0\win10-x64\MauiApp1.exe' because it is being used by another process. The file is locked by: "MauiApp1 (3004), MauiApp1 (20632)" [C:\console app\MauiApp1\MauiApp1.csproj::TargetFramework=net9.0-windows10.0.19041.0]
C:\Program Files\dotnet\sdk\10.0.101\Microsoft.Common.CurrentVersion.targets(5381,5): error MSB3027: Could not copy "C:\console app\MauiApp1\obj\Debug\net9.0-windows10.0.19041.0\win10-x64\apphost.exe" to "bin\Debug\net9.0-windows10.0.19041.0\win10-x64\MauiApp1.exe". Exceeded retry count of 10. Failed. The file is locked by: "MauiApp1 (3004), MauiApp1 (20632)" [C:\console app\MauiApp1\MauiApp1.csproj::TargetFramework=net9.0-windows10.0.19041.0]
C:\Program Files\dotnet\sdk\10.0.101\Microsoft.Common.CurrentVersion.targets(5381,5): error MSB3021: Unable to copy file "C:\console app\MauiApp1\obj\Debug\net9.0-windows10.0.19041.0\win10-x64\apphost.exe" to "bin\Debug\net9.0-windows10.0.19041.0\win10-x64\MauiApp1.exe". The process cannot access the file 'C:\console app\MauiApp1\bin\Debug\net9.0-windows10.0.19041.0\win10-x64\MauiApp1.exe' because it is being used by another process. [C:\console app\MauiApp1\MauiApp1.csproj::TargetFramework=net9.0-windows10.0.19041.0]
    10 Warning(s)
    2 Error(s)

Time Elapsed 00:00:13.33
